
Compiling lib\main.dart for the Web...                          
flutter.bat : Target dart2js failed: ProcessException: Process exited abnormally with exit code 1:
At line:1 char:39
+ ... "D:\chato"; & "C:\Users\haris\flutter\flutter\bin\flutter.bat" build  ...
+                 ~~~~~~~~~~~~~~~~~~~~~~~~~~~~~~~~~~~~~~~~~~~~~~~~~~~~~~~~~
    + CategoryInfo          : NotSpecified: (Target dart2js ...th exit code 1::String) [], RemoteException
    + FullyQualifiedErrorId : NativeCommandError
 
Error: Couldn't resolve the package 'app_links_web' in 'package:app_links_web/app_links_web.dart'.
Error: Couldn't resolve the package 'shared_preferences_web' in 
'package:shared_preferences_web/shared_preferences_web.dart'.
.dart_tool/flutter_build/b7a4acd900463a69943b557d4d9a654f/web_plugin_registrant.dart:9:8:
Error: Not found: 'package:app_links_web/app_links_web.dart'
import 'package:app_links_web/app_links_web.dart';
       ^
.dart_tool/flutter_build/b7a4acd900463a69943b557d4d9a654f/web_plugin_registrant.dart:11:8:
Error: Not found: 'package:shared_preferences_web/shared_preferences_web.dart'
import 'package:shared_preferences_web/shared_preferences_web.dart';
       ^
.dart_tool/flutter_build/b7a4acd900463a69943b557d4d9a654f/web_plugin_registrant.dart:17:3:
Error: Undefined name 'AppLinksPluginWeb'.
  AppLinksPluginWeb.registerWith(registrar);
  ^^^^^^^^^^^^^^^^^
.dart_tool/flutter_build/b7a4acd900463a69943b557d4d9a654f/web_plugin_registrant.dart:19:3:
Error: Undefined name 'SharedPreferencesPlugin'.
  SharedPreferencesPlugin.registerWith(registrar);
  ^^^^^^^^^^^^^^^^^^^^^^^
Error: Compilation failed.
  Command: C:\Users\haris\flutter\flutter\bin\cache\dart-sdk\bin\dart.exe compile js 
--platform-binaries=C:\Users\haris\flutter\flutter\bin\cache\flutter_web_sdk\kernel --invoker=flutter_tool 
-Ddart.vm.product=true -DFLUTTER_WEB_USE_SKIA=true -DFLUTTER_WEB_USE_SKWASM=false 
-DFLUTTER_WEB_CANVASKIT_URL=https://www.gstatic.com/flutter-canvaskit/18b71d647a292a980abb405ac7d16fe1f0b20434/ 
--native-null-assertions --no-source-maps -o 
D:\chato\.dart_tool\flutter_build\b7a4acd900463a69943b557d4d9a654f\app.dill 
--packages=D:\chato\.dart_tool\package_config.json --cfe-only 
D:\chato\.dart_tool\flutter_build\b7a4acd900463a69943b557d4d9a654f\main.dart
#0      RunResult.throwException (package:flutter_tools/src/base/process.dart:118:5)
#1      _DefaultProcessUtils.run (package:flutter_tools/src/base/process.dart:344:19)
<asynchronous suspension>
#2      Dart2JSTarget.build (package:flutter_tools/src/build_system/targets/web.dart:201:5)
<asynchronous suspension>
#3      _BuildInstance._invokeInternal (package:flutter_tools/src/build_system/build_system.dart:876:9)
<asynchronous suspension>
#4      Future.wait.<anonymous closure> (dart:async/future.dart:528:21)
<asynchronous suspension>
#5      _BuildInstance.invokeTarget (package:flutter_tools/src/build_system/build_system.dart:814:32)
<asynchronous suspension>
#6      Future.wait.<anonymous closure> (dart:async/future.dart:528:21)
<asynchronous suspension>
#7      _BuildInstance.invokeTarget (package:flutter_tools/src/build_system/build_system.dart:814:32)
<asynchronous suspension>
#8      FlutterBuildSystem.build (package:flutter_tools/src/build_system/build_system.dart:637:16)
<asynchronous suspension>
#9      WebBuilder.buildWeb (package:flutter_tools/src/web/compile.dart:93:34)
<asynchronous suspension>
#10     BuildWebCommand.runCommand (package:flutter_tools/src/commands/build_web.dart:253:5)
<asynchronous suspension>
#11     FlutterCommand.run.<anonymous closure> (package:flutter_tools/src/runner/flutter_command.dart:1558:27)
<asynchronous suspension>
#12     AppContext.run.<anonymous closure> (package:flutter_tools/src/base/context.dart:154:19)
<asynchronous suspension>
#13     CommandRunner.runCommand (package:args/command_runner.dart:212:13)
<asynchronous suspension>
#14     FlutterCommandRunner.runCommand.<anonymous closure> 
(package:flutter_tools/src/runner/flutter_command_runner.dart:496:9)
<asynchronous suspension>
#15     AppContext.run.<anonymous closure> (package:flutter_tools/src/base/context.dart:154:19)
<asynchronous suspension>
#16     FlutterCommandRunner.runCommand (package:flutter_tools/src/runner/flutter_command_runner.dart:431:5)
<asynchronous suspension>
#17     run.<anonymous closure>.<anonymous closure> (package:flutter_tools/runner.dart:98:11)
<asynchronous suspension>
#18     AppContext.run.<anonymous closure> (package:flutter_tools/src/base/context.dart:154:19)
<asynchronous suspension>
#19     main (package:flutter_tools/executable.dart:99:3)
<asynchronous suspension>

Compiling lib\main.dart for the Web...                             10.9s
Error: Failed to compile application for the Web.
